2026-08-24T16:36:25.280Z INFO  [rusty_metal] This is rusty-metAL version 1.0.0
2026-08-24T16:36:25.280Z INFO  [rusty_metal] Computing the distance between the following MSAs, and writing the output to rusty-metal.csv and using 0 threads. Standardisation is on.
2026-08-24T16:36:25.280Z INFO  [rusty_metal] > /home/byna/Documents/Code/Project/pipeline/MSA-comparison-pipeline/work/2a/6da736fb6c958dc12ba72c6677102d/muscle.fasta
2026-08-24T16:36:25.280Z INFO  [rusty_metal] > /home/byna/Documents/Code/Project/pipeline/MSA-comparison-pipeline/work/e0/da64a7958bffc36907ee8d68a9d484/kalign.fasta
2026-08-24T16:36:25.280Z INFO  [rusty_metal] > /home/byna/Documents/Code/Project/pipeline/MSA-comparison-pipeline/work/c6/43bf620bcbe92133cf52f5fa8a3395/mafft.fasta
2026-08-24T16:36:25.281Z INFO  [rusty_metal::msa] Reading msa file: /home/byna/Documents/Code/Project/pipeline/MSA-comparison-pipeline/work/2a/6da736fb6c958dc12ba72c6677102d/muscle.fasta
2026-08-24T16:36:25.281Z INFO  [rusty_metal::msa] Reading msa file: /home/byna/Documents/Code/Project/pipeline/MSA-comparison-pipeline/work/e0/da64a7958bffc36907ee8d68a9d484/kalign.fasta
2026-08-24T16:36:25.282Z INFO  [rusty_metal::msa] Reading msa file: /home/byna/Documents/Code/Project/pipeline/MSA-comparison-pipeline/work/c6/43bf620bcbe92133cf52f5fa8a3395/mafft.fasta
2026-08-24T16:36:25.282Z INFO  [rusty_metal::distance] Computing Symmetric Difference
2026-08-24T16:36:25.282Z INFO  [rusty_metal::distance] Computing Symmetric Difference
2026-08-24T16:36:25.282Z INFO  [rusty_metal::distance] Computing Symmetric Difference
2026-08-24T16:36:25.282Z DEBUG [rusty_metal::distance] Symmetric difference: 0/140 = 0
2026-08-24T16:36:25.282Z INFO  [rusty_metal] Comparison 0 complete.
2026-08-24T16:36:25.282Z INFO  [rusty_metal] muscle -> kalign: 0
2026-08-24T16:36:25.282Z DEBUG [rusty_metal::distance] Symmetric difference: 0/140 = 0
2026-08-24T16:36:25.282Z INFO  [rusty_metal] Comparison 2 complete.
2026-08-24T16:36:25.282Z INFO  [rusty_metal] kalign -> mafft: 0
2026-08-24T16:36:25.282Z DEBUG [rusty_metal::distance] Symmetric difference: 0/140 = 0
2026-08-24T16:36:25.282Z INFO  [rusty_metal] Comparison 1 complete.
2026-08-24T16:36:25.282Z INFO  [rusty_metal] muscle -> mafft: 0
2026-08-24T16:36:25.282Z INFO  [rusty_metal] Writing output to rusty-metal.csv
