2026-08-30T09:59:44.860Z INFO  [rusty_metal] This is rusty-metAL version 1.0.0
2026-08-30T09:59:44.860Z INFO  [rusty_metal] Computing the distance between the following MSAs, and writing the output to rusty-metal.csv and using 0 threads. Standardisation is on.
2026-08-30T09:59:44.860Z INFO  [rusty_metal] > /home/byna/Documents/Code/Project/pipeline/MSA-comparison-pipeline/work/d3/607eec8624c189e1d9eabade089c2c/kalign.fasta
2026-08-30T09:59:44.860Z INFO  [rusty_metal] > /home/byna/Documents/Code/Project/pipeline/MSA-comparison-pipeline/work/52/8ad102b56a4b7e0f73a7b9ab59f6c6/muscle.fasta
2026-08-30T09:59:44.860Z INFO  [rusty_metal] > /home/byna/Documents/Code/Project/pipeline/MSA-comparison-pipeline/work/62/24673459489457bc1ed57860851b8f/mafft.fasta
2026-08-30T09:59:44.861Z INFO  [rusty_metal::msa] Reading msa file: /home/byna/Documents/Code/Project/pipeline/MSA-comparison-pipeline/work/d3/607eec8624c189e1d9eabade089c2c/kalign.fasta
2026-08-30T09:59:44.861Z INFO  [rusty_metal::msa] Reading msa file: /home/byna/Documents/Code/Project/pipeline/MSA-comparison-pipeline/work/62/24673459489457bc1ed57860851b8f/mafft.fasta
2026-08-30T09:59:44.861Z INFO  [rusty_metal::msa] Reading msa file: /home/byna/Documents/Code/Project/pipeline/MSA-comparison-pipeline/work/52/8ad102b56a4b7e0f73a7b9ab59f6c6/muscle.fasta
2026-08-30T09:59:44.861Z INFO  [rusty_metal::distance] Computing Symmetric Difference
2026-08-30T09:59:44.861Z INFO  [rusty_metal::distance] Computing Symmetric Difference
2026-08-30T09:59:44.861Z INFO  [rusty_metal::distance] Computing Symmetric Difference
2026-08-30T09:59:44.861Z DEBUG [rusty_metal::distance] Symmetric difference: 0/140 = 0
2026-08-30T09:59:44.861Z INFO  [rusty_metal] Comparison 0 complete.
2026-08-30T09:59:44.861Z INFO  [rusty_metal] kalign -> muscle: 0
2026-08-30T09:59:44.861Z DEBUG [rusty_metal::distance] Symmetric difference: 0/140 = 0
2026-08-30T09:59:44.861Z INFO  [rusty_metal] Comparison 1 complete.
2026-08-30T09:59:44.861Z INFO  [rusty_metal] kalign -> mafft: 0
2026-08-30T09:59:44.862Z DEBUG [rusty_metal::distance] Symmetric difference: 0/140 = 0
2026-08-30T09:59:44.862Z INFO  [rusty_metal] Comparison 2 complete.
2026-08-30T09:59:44.862Z INFO  [rusty_metal] muscle -> mafft: 0
2026-08-30T09:59:44.862Z INFO  [rusty_metal] Writing output to rusty-metal.csv
