2026-08-30T09:25:56.830Z INFO  [rusty_metal] This is rusty-metAL version 1.0.0
2026-08-30T09:25:56.830Z INFO  [rusty_metal] Computing the distance between the following MSAs, and writing the output to rusty-metal.csv and using 0 threads. Standardisation is on.
2026-08-30T09:25:56.830Z INFO  [rusty_metal] > /home/byna/Documents/Code/Project/pipeline/MSA-comparison-pipeline/work/41/273e89d3a2e4aa106d81c0d3ef6df6/kalign.fasta
2026-08-30T09:25:56.830Z INFO  [rusty_metal] > /home/byna/Documents/Code/Project/pipeline/MSA-comparison-pipeline/work/58/6dffb7707b132c24c1636fe026dd7a/muscle.fasta
2026-08-30T09:25:56.830Z INFO  [rusty_metal] > /home/byna/Documents/Code/Project/pipeline/MSA-comparison-pipeline/work/ed/3d375505235fdc472b38ffac6a65d1/mafft.fasta
2026-08-30T09:25:56.831Z INFO  [rusty_metal::msa] Reading msa file: /home/byna/Documents/Code/Project/pipeline/MSA-comparison-pipeline/work/58/6dffb7707b132c24c1636fe026dd7a/muscle.fasta
2026-08-30T09:25:56.831Z INFO  [rusty_metal::msa] Reading msa file: /home/byna/Documents/Code/Project/pipeline/MSA-comparison-pipeline/work/ed/3d375505235fdc472b38ffac6a65d1/mafft.fasta
2026-08-30T09:25:56.831Z INFO  [rusty_metal::msa] Reading msa file: /home/byna/Documents/Code/Project/pipeline/MSA-comparison-pipeline/work/41/273e89d3a2e4aa106d81c0d3ef6df6/kalign.fasta
2026-08-30T09:25:56.831Z INFO  [rusty_metal::distance] Computing Symmetric Difference
2026-08-30T09:25:56.831Z INFO  [rusty_metal::distance] Computing Symmetric Difference
2026-08-30T09:25:56.831Z INFO  [rusty_metal::distance] Computing Symmetric Difference
2026-08-30T09:25:56.831Z DEBUG [rusty_metal::distance] Symmetric difference: 0/140 = 0
2026-08-30T09:25:56.831Z INFO  [rusty_metal] Comparison 1 complete.
2026-08-30T09:25:56.831Z INFO  [rusty_metal] kalign -> mafft: 0
2026-08-30T09:25:56.831Z DEBUG [rusty_metal::distance] Symmetric difference: 0/140 = 0
2026-08-30T09:25:56.831Z INFO  [rusty_metal] Comparison 0 complete.
2026-08-30T09:25:56.831Z INFO  [rusty_metal] kalign -> muscle: 0
2026-08-30T09:25:56.831Z DEBUG [rusty_metal::distance] Symmetric difference: 0/140 = 0
2026-08-30T09:25:56.831Z INFO  [rusty_metal] Comparison 2 complete.
2026-08-30T09:25:56.831Z INFO  [rusty_metal] muscle -> mafft: 0
2026-08-30T09:25:56.831Z INFO  [rusty_metal] Writing output to rusty-metal.csv
