2026-08-30T10:47:01.269Z INFO  [rusty_metal] This is rusty-metAL version 1.0.0
2026-08-30T10:47:01.269Z INFO  [rusty_metal] Computing the distance between the following MSAs, and writing the output to rusty-metal.csv and using 0 threads. Standardisation is on.
2026-08-30T10:47:01.269Z INFO  [rusty_metal] > /home/byna/Documents/Code/Project/pipeline/MSA-comparison-pipeline/work/f6/9bf5034ad6ab3acca402c339d4d2a3/muscle.fasta
2026-08-30T10:47:01.269Z INFO  [rusty_metal] > /home/byna/Documents/Code/Project/pipeline/MSA-comparison-pipeline/work/f6/518cc29e51216d470a6e0403b27ec9/kalign.fasta
2026-08-30T10:47:01.269Z INFO  [rusty_metal] > /home/byna/Documents/Code/Project/pipeline/MSA-comparison-pipeline/work/8e/3587b8f8d35d7bcd353547100914b1/mafft.fasta
2026-08-30T10:47:01.270Z INFO  [rusty_metal::msa] Reading msa file: /home/byna/Documents/Code/Project/pipeline/MSA-comparison-pipeline/work/f6/9bf5034ad6ab3acca402c339d4d2a3/muscle.fasta
2026-08-30T10:47:01.270Z INFO  [rusty_metal::msa] Reading msa file: /home/byna/Documents/Code/Project/pipeline/MSA-comparison-pipeline/work/8e/3587b8f8d35d7bcd353547100914b1/mafft.fasta
2026-08-30T10:47:01.270Z INFO  [rusty_metal::msa] Reading msa file: /home/byna/Documents/Code/Project/pipeline/MSA-comparison-pipeline/work/f6/518cc29e51216d470a6e0403b27ec9/kalign.fasta
2026-08-30T10:47:01.270Z INFO  [rusty_metal::distance] Computing Symmetric Difference
2026-08-30T10:47:01.270Z INFO  [rusty_metal::distance] Computing Symmetric Difference
2026-08-30T10:47:01.270Z INFO  [rusty_metal::distance] Computing Symmetric Difference
2026-08-30T10:47:01.270Z DEBUG [rusty_metal::distance] Symmetric difference: 0/140 = 0
2026-08-30T10:47:01.270Z DEBUG [rusty_metal::distance] Symmetric difference: 0/140 = 0
2026-08-30T10:47:01.270Z INFO  [rusty_metal] Comparison 1 complete.
2026-08-30T10:47:01.270Z INFO  [rusty_metal] muscle -> mafft: 0
2026-08-30T10:47:01.270Z INFO  [rusty_metal] Comparison 0 complete.
2026-08-30T10:47:01.270Z INFO  [rusty_metal] muscle -> kalign: 0
2026-08-30T10:47:01.270Z DEBUG [rusty_metal::distance] Symmetric difference: 0/140 = 0
2026-08-30T10:47:01.270Z INFO  [rusty_metal] Comparison 2 complete.
2026-08-30T10:47:01.270Z INFO  [rusty_metal] kalign -> mafft: 0
2026-08-30T10:47:01.270Z INFO  [rusty_metal] Writing output to rusty-metal.csv
