2026-09-04T05:35:29.215Z INFO  [rusty_metal] This is rusty-metAL version 1.0.0
2026-09-04T05:35:29.215Z INFO  [rusty_metal] Computing the distance between the following MSAs, and writing the output to rusty-metal.csv and using 0 threads. Standardisation is on.
2026-09-04T05:35:29.215Z INFO  [rusty_metal] > /home/byna/Documents/Code/Project/pipeline/MSA-comparison-pipeline/work/d1/4b7550a80711faac556f958c1013d9/amap.fasta
2026-09-04T05:35:29.215Z INFO  [rusty_metal] > /home/byna/Documents/Code/Project/pipeline/MSA-comparison-pipeline/work/c1/c1a0e13f64ebb2fcf5b2b3e700b788/clustalw.fasta
2026-09-04T05:35:29.215Z INFO  [rusty_metal] > /home/byna/Documents/Code/Project/pipeline/MSA-comparison-pipeline/work/b4/9bf2a6b29864982adc0ac4eade3619/clustalo.fasta
2026-09-04T05:35:29.215Z INFO  [rusty_metal] > /home/byna/Documents/Code/Project/pipeline/MSA-comparison-pipeline/work/ab/0a020274d9114166a5179b2d343c79/muscle.fasta
2026-09-04T05:35:29.215Z INFO  [rusty_metal] > /home/byna/Documents/Code/Project/pipeline/MSA-comparison-pipeline/work/0d/6dc515fd09e93e6508e3a428a47991/kalign.fasta
2026-09-04T05:35:29.215Z INFO  [rusty_metal] > /home/byna/Documents/Code/Project/pipeline/MSA-comparison-pipeline/work/55/850c899a71343e790ee3466c4a685c/probcons.fasta
2026-09-04T05:35:29.215Z INFO  [rusty_metal] > /home/byna/Documents/Code/Project/pipeline/MSA-comparison-pipeline/work/2a/0c6537fd6090babde43a46c0bedc1e/t_coffee.fasta
2026-09-04T05:35:29.215Z INFO  [rusty_metal] > /home/byna/Documents/Code/Project/pipeline/MSA-comparison-pipeline/work/af/2ee1560913327ab2db6f341462bbd7/mafft.fasta
2026-09-04T05:35:29.217Z INFO  [rusty_metal::msa] Reading msa file: /home/byna/Documents/Code/Project/pipeline/MSA-comparison-pipeline/work/c1/c1a0e13f64ebb2fcf5b2b3e700b788/clustalw.fasta
2026-09-04T05:35:29.217Z INFO  [rusty_metal::msa] Reading msa file: /home/byna/Documents/Code/Project/pipeline/MSA-comparison-pipeline/work/d1/4b7550a80711faac556f958c1013d9/amap.fasta
2026-09-04T05:35:29.217Z INFO  [rusty_metal::msa] Reading msa file: /home/byna/Documents/Code/Project/pipeline/MSA-comparison-pipeline/work/2a/0c6537fd6090babde43a46c0bedc1e/t_coffee.fasta
2026-09-04T05:35:29.217Z INFO  [rusty_metal::msa] Reading msa file: /home/byna/Documents/Code/Project/pipeline/MSA-comparison-pipeline/work/0d/6dc515fd09e93e6508e3a428a47991/kalign.fasta
2026-09-04T05:35:29.217Z INFO  [rusty_metal::msa] Reading msa file: /home/byna/Documents/Code/Project/pipeline/MSA-comparison-pipeline/work/55/850c899a71343e790ee3466c4a685c/probcons.fasta
2026-09-04T05:35:29.217Z INFO  [rusty_metal::msa] Reading msa file: /home/byna/Documents/Code/Project/pipeline/MSA-comparison-pipeline/work/af/2ee1560913327ab2db6f341462bbd7/mafft.fasta
2026-09-04T05:35:29.217Z INFO  [rusty_metal::msa] Reading msa file: /home/byna/Documents/Code/Project/pipeline/MSA-comparison-pipeline/work/b4/9bf2a6b29864982adc0ac4eade3619/clustalo.fasta
2026-09-04T05:35:29.217Z INFO  [rusty_metal::msa] Reading msa file: /home/byna/Documents/Code/Project/pipeline/MSA-comparison-pipeline/work/ab/0a020274d9114166a5179b2d343c79/muscle.fasta
2026-09-04T05:35:29.217Z INFO  [rusty_metal::distance] Computing Symmetric Difference
2026-09-04T05:35:29.217Z INFO  [rusty_metal::distance] Computing Symmetric Difference
2026-09-04T05:35:29.217Z INFO  [rusty_metal::distance] Computing Symmetric Difference
2026-09-04T05:35:29.217Z DEBUG [rusty_metal::distance] Symmetric difference: 0/140 = 0
2026-09-04T05:35:29.217Z INFO  [rusty_metal::distance] Computing Symmetric Difference
2026-09-04T05:35:29.217Z DEBUG [rusty_metal::distance] Symmetric difference: 0/140 = 0
2026-09-04T05:35:29.217Z INFO  [rusty_metal::distance] Computing Symmetric Difference
2026-09-04T05:35:29.217Z INFO  [rusty_metal] Comparison 8 complete.
2026-09-04T05:35:29.218Z INFO  [rusty_metal::distance] Computing Symmetric Difference
2026-09-04T05:35:29.218Z INFO  [rusty_metal] clustalw -> muscle: 0
2026-09-04T05:35:29.218Z DEBUG [rusty_metal::distance] Symmetric difference: 0/140 = 0
2026-09-04T05:35:29.218Z DEBUG [rusty_metal::distance] Symmetric difference: 28/140 = 0.2
2026-09-04T05:35:29.218Z DEBUG [rusty_metal::distance] Symmetric difference: 28/140 = 0.2
2026-09-04T05:35:29.218Z INFO  [rusty_metal] Comparison 3 complete.
2026-09-04T05:35:29.218Z INFO  [rusty_metal::distance] Computing Symmetric Difference
2026-09-04T05:35:29.218Z INFO  [rusty_metal] Comparison 13 complete.
2026-09-04T05:35:29.218Z INFO  [rusty_metal] amap -> kalign: 0
2026-09-04T05:35:29.218Z INFO  [rusty_metal::distance] Computing Symmetric Difference
2026-09-04T05:35:29.218Z INFO  [rusty_metal] clustalo -> muscle: 0.2
2026-09-04T05:35:29.218Z DEBUG [rusty_metal::distance] Symmetric difference: 28/140 = 0.2
2026-09-04T05:35:29.217Z INFO  [rusty_metal::distance] Computing Symmetric Difference
2026-09-04T05:35:29.218Z INFO  [rusty_metal] Comparison 15 complete.
2026-09-04T05:35:29.218Z DEBUG [rusty_metal::distance] Symmetric difference: 28/140 = 0.2
2026-09-04T05:35:29.218Z INFO  [rusty_metal] Comparison 14 complete.
2026-09-04T05:35:29.218Z INFO  [rusty_metal] clustalo -> kalign: 0.2
2026-09-04T05:35:29.217Z INFO  [rusty_metal::distance] Computing Symmetric Difference
2026-09-04T05:35:29.218Z INFO  [rusty_metal::distance] Computing Symmetric Difference
2026-09-04T05:35:29.218Z DEBUG [rusty_metal::distance] Symmetric difference: 0/140 = 0
2026-09-04T05:35:29.218Z DEBUG [rusty_metal::distance] Symmetric difference: 0/140 = 0
2026-09-04T05:35:29.218Z INFO  [rusty_metal] Comparison 12 complete.
2026-09-04T05:35:29.218Z INFO  [rusty_metal] Comparison 19 complete.
2026-09-04T05:35:29.217Z DEBUG [rusty_metal::distance] Symmetric difference: 0/140 = 0
2026-09-04T05:35:29.218Z INFO  [rusty_metal] muscle -> probcons: 0
2026-09-04T05:35:29.218Z INFO  [rusty_metal] Comparison 10 complete.
2026-09-04T05:35:29.218Z INFO  [rusty_metal::distance] Computing Symmetric Difference
2026-09-04T05:35:29.217Z INFO  [rusty_metal::distance] Computing Symmetric Difference
2026-09-04T05:35:29.218Z DEBUG [rusty_metal::distance] Symmetric difference: 0/140 = 0
2026-09-04T05:35:29.218Z INFO  [rusty_metal] Comparison 20 complete.
2026-09-04T05:35:29.218Z INFO  [rusty_metal] muscle -> t_coffee: 0
2026-09-04T05:35:29.218Z INFO  [rusty_metal] Comparison 1 complete.
2026-09-04T05:35:29.218Z DEBUG [rusty_metal::distance] Symmetric difference: 0/140 = 0
2026-09-04T05:35:29.218Z INFO  [rusty_metal::distance] Computing Symmetric Difference
2026-09-04T05:35:29.218Z INFO  [rusty_metal] amap -> clustalo: 0.2
2026-09-04T05:35:29.218Z INFO  [rusty_metal] Comparison 4 complete.
2026-09-04T05:35:29.218Z INFO  [rusty_metal::distance] Computing Symmetric Difference
2026-09-04T05:35:29.218Z INFO  [rusty_metal::distance] Computing Symmetric Difference
2026-09-04T05:35:29.218Z INFO  [rusty_metal] amap -> probcons: 0
2026-09-04T05:35:29.218Z DEBUG [rusty_metal::distance] Symmetric difference: 0/140 = 0
2026-09-04T05:35:29.218Z DEBUG [rusty_metal::distance] Symmetric difference: 0/140 = 0
2026-09-04T05:35:29.218Z INFO  [rusty_metal] Comparison 21 complete.
2026-09-04T05:35:29.218Z DEBUG [rusty_metal::distance] Symmetric difference: 28/140 = 0.2
2026-09-04T05:35:29.218Z INFO  [rusty_metal] Comparison 22 complete.
2026-09-04T05:35:29.218Z INFO  [rusty_metal] muscle -> mafft: 0
2026-09-04T05:35:29.218Z INFO  [rusty_metal] kalign -> probcons: 0
2026-09-04T05:35:29.218Z INFO  [rusty_metal] Comparison 16 complete.
2026-09-04T05:35:29.218Z INFO  [rusty_metal::distance] Computing Symmetric Difference
2026-09-04T05:35:29.218Z INFO  [rusty_metal::distance] Computing Symmetric Difference
2026-09-04T05:35:29.218Z INFO  [rusty_metal] clustalo -> t_coffee: 0.2
2026-09-04T05:35:29.218Z DEBUG [rusty_metal::distance] Symmetric difference: 0/140 = 0
2026-09-04T05:35:29.217Z INFO  [rusty_metal::distance] Computing Symmetric Difference
2026-09-04T05:35:29.218Z INFO  [rusty_metal] Comparison 24 complete.
2026-09-04T05:35:29.218Z INFO  [rusty_metal::distance] Computing Symmetric Difference
2026-09-04T05:35:29.218Z INFO  [rusty_metal] kalign -> mafft: 0
2026-09-04T05:35:29.218Z DEBUG [rusty_metal::distance] Symmetric difference: 0/140 = 0
2026-09-04T05:35:29.218Z DEBUG [rusty_metal::distance] Symmetric difference: 0/140 = 0
2026-09-04T05:35:29.218Z INFO  [rusty_metal::distance] Computing Symmetric Difference
2026-09-04T05:35:29.218Z INFO  [rusty_metal] Comparison 9 complete.
2026-09-04T05:35:29.218Z INFO  [rusty_metal] Comparison 26 complete.
2026-09-04T05:35:29.218Z INFO  [rusty_metal] clustalw -> kalign: 0
2026-09-04T05:35:29.218Z INFO  [rusty_metal] probcons -> mafft: 0
2026-09-04T05:35:29.218Z DEBUG [rusty_metal::distance] Symmetric difference: 0/140 = 0
2026-09-04T05:35:29.218Z INFO  [rusty_metal] Comparison 27 complete.
2026-09-04T05:35:29.217Z INFO  [rusty_metal] Comparison 0 complete.
2026-09-04T05:35:29.218Z INFO  [rusty_metal] t_coffee -> mafft: 0
2026-09-04T05:35:29.218Z INFO  [rusty_metal] amap -> clustalw: 0
2026-09-04T05:35:29.217Z INFO  [rusty_metal::distance] Computing Symmetric Difference
2026-09-04T05:35:29.218Z DEBUG [rusty_metal::distance] Symmetric difference: 0/140 = 0
2026-09-04T05:35:29.217Z INFO  [rusty_metal::distance] Computing Symmetric Difference
2026-09-04T05:35:29.218Z INFO  [rusty_metal] Comparison 11 complete.
2026-09-04T05:35:29.218Z INFO  [rusty_metal] clustalw -> t_coffee: 0
2026-09-04T05:35:29.218Z INFO  [rusty_metal::distance] Computing Symmetric Difference
2026-09-04T05:35:29.217Z INFO  [rusty_metal::distance] Computing Symmetric Difference
2026-09-04T05:35:29.218Z INFO  [rusty_metal::distance] Computing Symmetric Difference
2026-09-04T05:35:29.218Z INFO  [rusty_metal] clustalw -> mafft: 0
2026-09-04T05:35:29.218Z DEBUG [rusty_metal::distance] Symmetric difference: 0/140 = 0
2026-09-04T05:35:29.218Z INFO  [rusty_metal] Comparison 5 complete.
2026-09-04T05:35:29.218Z INFO  [rusty_metal] clustalw -> probcons: 0
2026-09-04T05:35:29.218Z INFO  [rusty_metal::distance] Computing Symmetric Difference
2026-09-04T05:35:29.218Z DEBUG [rusty_metal::distance] Symmetric difference: 0/140 = 0
2026-09-04T05:35:29.218Z INFO  [rusty_metal::distance] Computing Symmetric Difference
2026-09-04T05:35:29.218Z INFO  [rusty_metal] Comparison 18 complete.
2026-09-04T05:35:29.218Z DEBUG [rusty_metal::distance] Symmetric difference: 0/140 = 0
2026-09-04T05:35:29.218Z INFO  [rusty_metal] muscle -> kalign: 0
2026-09-04T05:35:29.218Z INFO  [rusty_metal] Comparison 6 complete.
2026-09-04T05:35:29.218Z INFO  [rusty_metal] amap -> mafft: 0
2026-09-04T05:35:29.218Z DEBUG [rusty_metal::distance] Symmetric difference: 0/140 = 0
2026-09-04T05:35:29.218Z INFO  [rusty_metal] clustalo -> probcons: 0.2
2026-09-04T05:35:29.218Z DEBUG [rusty_metal::distance] Symmetric difference: 28/140 = 0.2
2026-09-04T05:35:29.218Z INFO  [rusty_metal] Comparison 25 complete.
2026-09-04T05:35:29.218Z INFO  [rusty_metal] Comparison 17 complete.
2026-09-04T05:35:29.218Z INFO  [rusty_metal] probcons -> t_coffee: 0
2026-09-04T05:35:29.218Z INFO  [rusty_metal] clustalo -> mafft: 0.2
2026-09-04T05:35:29.218Z INFO  [rusty_metal] amap -> t_coffee: 0
2026-09-04T05:35:29.218Z DEBUG [rusty_metal::distance] Symmetric difference: 0/140 = 0
2026-09-04T05:35:29.218Z INFO  [rusty_metal] Comparison 23 complete.
2026-09-04T05:35:29.218Z INFO  [rusty_metal] kalign -> t_coffee: 0
2026-09-04T05:35:29.218Z DEBUG [rusty_metal::distance] Symmetric difference: 28/140 = 0.2
2026-09-04T05:35:29.218Z INFO  [rusty_metal] Comparison 7 complete.
2026-09-04T05:35:29.218Z INFO  [rusty_metal] clustalw -> clustalo: 0.2
2026-09-04T05:35:29.218Z DEBUG [rusty_metal::distance] Symmetric difference: 0/140 = 0
2026-09-04T05:35:29.218Z INFO  [rusty_metal] Comparison 2 complete.
2026-09-04T05:35:29.218Z INFO  [rusty_metal] amap -> muscle: 0
2026-09-04T05:35:29.218Z INFO  [rusty_metal] Writing output to rusty-metal.csv
