Oct-08 13:40:12.872 [main] DEBUG nextflow.cli.Launcher - $> nextflow msa-comparison.nf -resume
Oct-08 13:40:13.092 [main] DEBUG nextflow.cli.CmdRun - N E X T F L O W  ~  version 26.04.6
Oct-08 13:40:13.129 [main] DEBUG nextflow.plugin.PluginsFacade - Setting up plugin manager > mode=prod; embedded=false; plugins-dir=/home/byna/.nextflow/plugins; core-plugins: nf-amazon@3.9.2,nf-azure@1.22.6,nf-cloudcache@0.6.0,nf-codecommit@0.5.3,nf-console@1.3.0,nf-google@1.27.3,nf-k8s@1.5.4,nf-seqera@0.21.1,nf-tower@1.28.2,nf-wave@1.21.0
Oct-08 13:40:13.172 [main] INFO  o.pf4j.DefaultPluginStatusProvider - Enabled plugins: []
Oct-08 13:40:13.173 [main] INFO  o.pf4j.DefaultPluginStatusProvider - Disabled plugins: []
Oct-08 13:40:13.179 [main] INFO  org.pf4j.DefaultPluginManager - PF4J version 3.14.1 in 'deployment' mode
Oct-08 13:40:13.209 [main] DEBUG nextflow.util.RetryConfig - Missing nextflow session - using default retry config
Oct-08 13:40:13.482 [main] DEBUG nextflow.plugin.PluginUpdater - Using plugin repository: HttpPluginRepository [registry]; url=https://registry.nextflow.io/api
Oct-08 13:40:13.491 [main] INFO  org.pf4j.AbstractPluginManager - No plugins
Oct-08 13:40:13.540 [main] DEBUG nextflow.config.ConfigBuilder - Found config local: /home/byna/Documents/Code/Project/pipeline/MSA-comparison-pipeline/nextflow.config
Oct-08 13:40:13.543 [main] DEBUG nextflow.config.ConfigBuilder - Parsing config file: /home/byna/Documents/Code/Project/pipeline/MSA-comparison-pipeline/nextflow.config
Oct-08 13:40:13.549 [main] DEBUG nextflow.config.ConfigParserFactory - Using config parser v2
Oct-08 13:40:13.582 [main] DEBUG nextflow.config.ConfigBuilder - Applying config profile: `standard`
Oct-08 13:40:14.161 [main] DEBUG nextflow.plugin.PluginsFacade - Plugins default=[]
Oct-08 13:40:14.162 [main] DEBUG nextflow.plugin.PluginsFacade - Plugins resolved requirement=[]
Oct-08 13:40:14.184 [main] DEBUG n.secret.LocalSecretsProvider - Secrets store: /home/byna/.nextflow/secrets/store.json
Oct-08 13:40:14.188 [main] DEBUG nextflow.secret.SecretsLoader - Discovered secrets providers: [nextflow.secret.LocalSecretsProvider@6342d610] - activable => nextflow.secret.LocalSecretsProvider@6342d610
Oct-08 13:40:14.209 [main] DEBUG nextflow.cli.CmdRun - Launching `msa-comparison.nf` [deadly_maxwell] - revision: 0c6b5e7479
Oct-08 13:40:14.324 [main] DEBUG nextflow.Session - Session UUID: c80ed124-2932-4d1b-8b7f-33bcf75c8069
Oct-08 13:40:14.325 [main] DEBUG nextflow.Session - Run name: deadly_maxwell
Oct-08 13:40:14.325 [main] DEBUG nextflow.Session - Executor pool size: 16
Oct-08 13:40:14.338 [main] DEBUG nextflow.file.FilePorter - File porter settings maxRetries=3; maxTransfers=50; pollTimeout=null
Oct-08 13:40:14.347 [main] DEBUG nextflow.util.ThreadPoolBuilder - Creating thread pool 'FileTransfer' minSize=10; maxSize=48; workQueue=LinkedBlockingQueue[-1]; allowCoreThreadTimeout=false
Oct-08 13:40:14.378 [main] DEBUG nextflow.cli.CmdRun - 
  Version: 26.04.6 build 12646
  Created: 09-07-2026 18:49 UTC (20:49 SAST)
  System: Linux 7.0.0-31-generic
  Runtime: Groovy 4.0.31 on OpenJDK 64-Bit Server VM 25.0.4+7-1-26.04-Ubuntu
  Encoding: UTF-8 (UTF-8)
  Process: 22833@byna-laptop [127.0.1.1]
  CPUs: 16 - Mem: 6.6 GB (581.1 MB) - Swap: 4 GB (2.6 GB)
Oct-08 13:40:14.449 [main] DEBUG nextflow.Session - Work-dir: /home/byna/Documents/Code/Project/pipeline/MSA-comparison-pipeline/work [ext2/ext3]
Oct-08 13:40:14.450 [main] DEBUG nextflow.Session - Script base path does not exist or is not a directory: /home/byna/Documents/Code/Project/pipeline/MSA-comparison-pipeline/bin
Oct-08 13:40:14.463 [main] DEBUG nextflow.executor.ExecutorFactory - Extension executors providers=[]
Oct-08 13:40:14.476 [main] DEBUG nextflow.Session - Observer factory (v2): LinObserverFactory
Oct-08 13:40:14.479 [main] DEBUG nextflow.Session - Observer factory (v2): DefaultObserverFactory
Oct-08 13:40:14.533 [main] DEBUG nextflow.cache.CacheFactory - Using Nextflow cache factory: nextflow.cache.DefaultCacheFactory
Oct-08 13:40:14.546 [main] DEBUG nextflow.util.CustomThreadPool - Creating default thread pool > poolSize: 17; maxThreads: 1000
Oct-08 13:40:14.662 [main] DEBUG nextflow.Session - Session start
Oct-08 13:40:14.670 [main] DEBUG nextflow.script.ScriptLoaderFactory - Using script parser v2
Oct-08 13:40:15.259 [main] DEBUG nextflow.script.ScriptRunner - > Launching execution
Oct-08 13:40:15.593 [main] DEBUG nextflow.executor.ExecutorFactory - << taskConfig executor: null
Oct-08 13:40:15.593 [main] DEBUG nextflow.executor.ExecutorFactory - >> processorType: 'local'
Oct-08 13:40:15.605 [main] DEBUG nextflow.executor.Executor - [warm up] executor > local
Oct-08 13:40:15.615 [main] DEBUG n.processor.LocalPollingMonitor - Creating local task monitor for executor 'local' > cpus=16; memory=6.6 GB; capacity=16; pollInterval=100ms; dumpInterval=5m
Oct-08 13:40:15.619 [main] DEBUG n.processor.TaskPollingMonitor - >>> barrier register (monitor: local)
Oct-08 13:40:15.672 [main] DEBUG nextflow.processor.TaskProcessor - Creating process 'align': maxForks=0; fair=false; array=0
Oct-08 13:40:15.725 [main] DEBUG nextflow.executor.ExecutorFactory - << taskConfig executor: null
Oct-08 13:40:15.725 [main] DEBUG nextflow.executor.ExecutorFactory - >> processorType: 'local'
Oct-08 13:40:15.727 [main] DEBUG nextflow.processor.TaskProcessor - Creating process 'rustyMetal': maxForks=0; fair=false; array=0
Oct-08 13:40:15.743 [main] DEBUG nextflow.executor.ExecutorFactory - << taskConfig executor: null
Oct-08 13:40:15.743 [main] DEBUG nextflow.executor.ExecutorFactory - >> processorType: 'local'
Oct-08 13:40:15.744 [main] DEBUG nextflow.processor.TaskProcessor - Creating process 'graphs': maxForks=0; fair=false; array=0
Oct-08 13:40:15.769 [main] DEBUG nextflow.Session - Process names: graphs, align, rustyMetal
Oct-08 13:40:15.773 [main] DEBUG nextflow.Session - Igniting dataflow network (5)
Oct-08 13:40:15.775 [main] DEBUG nextflow.processor.TaskProcessor - Starting process > align
Oct-08 13:40:15.776 [main] DEBUG nextflow.processor.TaskProcessor - Starting process > rustyMetal
Oct-08 13:40:15.777 [main] DEBUG nextflow.processor.TaskProcessor - Starting process > graphs
Oct-08 13:40:15.778 [main] DEBUG nextflow.script.ScriptRunner - Parsed script files:
  _nf_script_d1cf4c1f70df0590: /home/byna/Documents/Code/Project/pipeline/MSA-comparison-pipeline/modules/aligners.nf
  _nf_script_4ae44bad9b627c79: /home/byna/Documents/Code/Project/pipeline/MSA-comparison-pipeline/modules/rusty-metal.nf
  Main: /home/byna/Documents/Code/Project/pipeline/MSA-comparison-pipeline/msa-comparison.nf
  _nf_script_41c868422661bd93: /home/byna/Documents/Code/Project/pipeline/MSA-comparison-pipeline/modules/graphing.nf
Oct-08 13:40:15.779 [main] DEBUG nextflow.script.ScriptRunner - > Awaiting termination 
Oct-08 13:40:15.779 [main] DEBUG nextflow.Session - Session await
Oct-08 13:40:16.137 [Actor Thread 18] INFO  nextflow.processor.TaskProcessor - [51/2e85fe] Cached process > align (clustalo:test_gapless:clustalo)
Oct-08 13:40:16.137 [Actor Thread 16] INFO  nextflow.processor.TaskProcessor - [9d/6b2c4a] Cached process > align (mafft_auto:test:mafft)
Oct-08 13:40:16.137 [Actor Thread 5] INFO  nextflow.processor.TaskProcessor - [05/952715] Cached process > align (probcons:test:probcons)
Oct-08 13:40:16.136 [Actor Thread 8] INFO  nextflow.processor.TaskProcessor - [e4/7635b2] Cached process > align (kalign:test_gapless:kalign)
Oct-08 13:40:16.136 [Actor Thread 3] INFO  nextflow.processor.TaskProcessor - [e6/6d99df] Cached process > align (clustalw:test:clustalw)
Oct-08 13:40:16.136 [Actor Thread 9] INFO  nextflow.processor.TaskProcessor - [e1/d9c86b] Cached process > align (kalign:test:kalign)
Oct-08 13:40:16.136 [Actor Thread 4] INFO  nextflow.processor.TaskProcessor - [89/667e65] Cached process > align (probcons:test_gapless:probcons)
Oct-08 13:40:16.137 [Actor Thread 14] INFO  nextflow.processor.TaskProcessor - [aa/705465] Cached process > align (mafft_linsi:test_gapless:mafft)
Oct-08 13:40:16.136 [Actor Thread 6] INFO  nextflow.processor.TaskProcessor - [64/eae110] Cached process > align (t_coffee:test_gapless:t_coffee)
Oct-08 13:40:16.137 [Actor Thread 11] INFO  nextflow.processor.TaskProcessor - [86/8912a7] Cached process > align (muscle:test:muscle)
Oct-08 13:40:16.136 [Actor Thread 12] INFO  nextflow.processor.TaskProcessor - [c1/935dff] Cached process > align (mafft_linsi:test:mafft)
Oct-08 13:40:16.136 [Actor Thread 15] INFO  nextflow.processor.TaskProcessor - [ab/74d446] Cached process > align (mafft_auto:test_gapless:mafft)
Oct-08 13:40:16.136 [Actor Thread 10] INFO  nextflow.processor.TaskProcessor - [15/9fba45] Cached process > align (muscle:test_gapless:muscle)
Oct-08 13:40:16.137 [Actor Thread 1] INFO  nextflow.processor.TaskProcessor - [c4/d10337] Cached process > align (clustalo:test:clustalo)
Oct-08 13:40:16.137 [Actor Thread 7] INFO  nextflow.processor.TaskProcessor - [7b/df8161] Cached process > align (t_coffee:test:t_coffee)
Oct-08 13:40:16.137 [Actor Thread 2] INFO  nextflow.processor.TaskProcessor - [99/65c329] Cached process > align (clustalw:test_gapless:clustalw)
Oct-08 13:40:16.193 [Actor Thread 3] INFO  nextflow.processor.TaskProcessor - [de/c424fd] Cached process > align (prank:test_gapless:prank)
Oct-08 13:40:16.193 [Actor Thread 9] INFO  nextflow.processor.TaskProcessor - [6e/b4edae] Cached process > align (fsa:test:fsa)
Oct-08 13:40:16.193 [Actor Thread 2] INFO  nextflow.processor.TaskProcessor - [aa/2675b6] Cached process > align (amap:test:amap)
Oct-08 13:40:16.194 [Actor Thread 6] INFO  nextflow.processor.TaskProcessor - [7b/3aacbf] Cached process > align (prank:test:prank)
Oct-08 13:40:16.195 [Actor Thread 21] INFO  nextflow.processor.TaskProcessor - [7e/14be48] Cached process > align (amap:test_gapless:amap)
Oct-08 13:40:16.197 [Actor Thread 15] INFO  nextflow.processor.TaskProcessor - [0d/bf48aa] Cached process > align (fsa:test_gapless:fsa)
Oct-08 13:40:16.208 [Actor Thread 19] DEBUG nextflow.util.ThreadPoolBuilder - Creating thread pool 'PublishDir' minSize=10; maxSize=48; workQueue=LinkedBlockingQueue[-1]; allowCoreThreadTimeout=false
Oct-08 13:40:16.217 [Actor Thread 15] INFO  nextflow.processor.TaskProcessor - [a5/4a9839] Cached process > rustyMetal (test)
Oct-08 13:40:16.217 [Actor Thread 5] INFO  nextflow.processor.TaskProcessor - [ab/9078a1] Cached process > rustyMetal (test_gapless)
Oct-08 13:40:16.307 [Task submitter] DEBUG n.executor.local.LocalTaskHandler - Launch cmd line: /bin/bash -ue .command.run
Oct-08 13:40:16.309 [Task submitter] INFO  nextflow.Session - [3c/7c8421] Submitted process > graphs (test_gapless)
Oct-08 13:40:16.320 [Task submitter] DEBUG n.executor.local.LocalTaskHandler - Launch cmd line: /bin/bash -ue .command.run
Oct-08 13:40:16.321 [Task submitter] INFO  nextflow.Session - [12/49e9ec] Submitted process > graphs (test)
Oct-08 13:40:20.481 [Task monitor] DEBUG n.processor.TaskPollingMonitor - Task completed > TaskHandler[id: 26; name: graphs (test_gapless); status: COMPLETED; exit: 0; error: -; workDir: /home/byna/Documents/Code/Project/pipeline/MSA-comparison-pipeline/work/3c/7c8421d9d3762a8c885402266956bb]
Oct-08 13:40:20.482 [Task monitor] DEBUG nextflow.util.ThreadPoolBuilder - Creating thread pool 'TaskFinalizer' minSize=10; maxSize=48; workQueue=LinkedBlockingQueue[-1]; allowCoreThreadTimeout=false
Oct-08 13:40:20.484 [Task monitor] DEBUG n.processor.TaskPollingMonitor - Task completed > TaskHandler[id: 25; name: graphs (test); status: COMPLETED; exit: 0; error: -; workDir: /home/byna/Documents/Code/Project/pipeline/MSA-comparison-pipeline/work/12/49e9ec955c5a99238357c37ad4d7ee]
Oct-08 13:40:20.487 [main] DEBUG nextflow.Session - Session await > all processes finished
Oct-08 13:40:20.579 [Task monitor] DEBUG n.processor.TaskPollingMonitor - <<< barrier arrives (monitor: local) - terminating tasks monitor poll loop
Oct-08 13:40:20.579 [main] DEBUG nextflow.Session - Session await > all barriers passed
Oct-08 13:40:20.583 [main] DEBUG nextflow.util.ThreadPoolManager - Thread pool 'TaskFinalizer' shutdown completed (hard=false)
Oct-08 13:40:20.584 [main] DEBUG nextflow.util.ThreadPoolManager - Thread pool 'PublishDir' shutdown completed (hard=false)
Oct-08 13:40:20.619 [main] DEBUG n.trace.WorkflowStatsObserver - Workflow completed > WorkflowStats[succeededCount=2; failedCount=0; ignoredCount=0; cachedCount=24; pendingCount=0; submittedCount=0; runningCount=0; retriesCount=0; abortedCount=0; succeedDuration=8.3s; failedDuration=0ms; cachedDuration=5.7s;loadCpus=0; loadMemory=0; peakRunning=2; peakCpus=2; peakMemory=0; ]
Oct-08 13:40:20.770 [main] DEBUG nextflow.cache.CacheDB - Closing CacheDB done
Oct-08 13:40:20.796 [main] DEBUG nextflow.util.ThreadPoolManager - Thread pool 'FileTransfer' shutdown completed (hard=false)
Oct-08 13:40:20.796 [main] DEBUG nextflow.script.ScriptRunner - > Execution complete -- Goodbye
