


 CLUSTAL 2.1 Multiple Sequence Alignments


Sequence format is Pearson
Sequence 1: Seq1          13 bp
Sequence 2: Seq3          11 bp
Sequence 3: seq2          24 bp
Start of Pairwise alignments
Aligning...

Sequences (1:2) Aligned. Score:  27
Sequences (1:3) Aligned. Score:  53
Sequences (2:3) Aligned. Score:  63
Guide tree file created:   [test.dnd]

There are 2 groups
Start of Multiple Alignment

Aligning...
Group 1: Sequences:   2      Score:153
Group 2: Sequences:   3      Score:135
Alignment Score 78
firstres = 1 lastres = 24
FASTA file created!

Fasta-Alignment file created    [test/clustalw.fasta]

