


 CLUSTAL 2.1 Multiple Sequence Alignments


Sequence format is Pearson
Sequence 1: seq1          13 bp
Sequence 2: seq3          11 bp
Sequence 3: seq2          12 bp
Start of Pairwise alignments
Aligning...

Sequences (1:2) Aligned. Score:  27
Sequences (1:3) Aligned. Score:  58
Sequences (2:3) Aligned. Score:  63
Guide tree file created:   [test_gapless.dnd]

There are 2 groups
Start of Multiple Alignment

Aligning...
Group 1: Sequences:   2      Score:153
Group 2: Sequences:   3      Score:134
Alignment Score 123
firstres = 1 lastres = 13
FASTA file created!

Fasta-Alignment file created    [test_gapless/clustalw.fasta]

