2026-09-04T05:34:53.263Z INFO  [rusty_metal] This is rusty-metAL version 1.0.0
2026-09-04T05:34:53.263Z INFO  [rusty_metal] Computing the distance between the following MSAs, and writing the output to rusty-metal.csv and using 0 threads. Standardisation is on.
2026-09-04T05:34:53.263Z INFO  [rusty_metal] > /home/byna/Documents/Code/Project/pipeline/MSA-comparison-pipeline/work/11/8b08a5eae40b7a406c537c55adc1d0/amap.fasta
2026-09-04T05:34:53.263Z INFO  [rusty_metal] > /home/byna/Documents/Code/Project/pipeline/MSA-comparison-pipeline/work/67/53d8be1f969746e84b3e162a1cf6dc/clustalo.fasta
2026-09-04T05:34:53.263Z INFO  [rusty_metal] > /home/byna/Documents/Code/Project/pipeline/MSA-comparison-pipeline/work/0a/0f8ccce3dcedd193c2c9489a684541/clustalw.fasta
2026-09-04T05:34:53.263Z INFO  [rusty_metal] > /home/byna/Documents/Code/Project/pipeline/MSA-comparison-pipeline/work/08/508c8ad4da4c506c56ac489fa1a454/probcons.fasta
2026-09-04T05:34:53.263Z INFO  [rusty_metal] > /home/byna/Documents/Code/Project/pipeline/MSA-comparison-pipeline/work/c1/00dcb30433ad271246629b7df91249/kalign.fasta
2026-09-04T05:34:53.263Z INFO  [rusty_metal] > /home/byna/Documents/Code/Project/pipeline/MSA-comparison-pipeline/work/60/c23d5e98409cab8f7636e29cab5aaf/muscle.fasta
2026-09-04T05:34:53.263Z INFO  [rusty_metal] > /home/byna/Documents/Code/Project/pipeline/MSA-comparison-pipeline/work/52/1538a63a025e48e93c2bc5ee48fabe/t_coffee.fasta
2026-09-04T05:34:53.263Z INFO  [rusty_metal] > /home/byna/Documents/Code/Project/pipeline/MSA-comparison-pipeline/work/82/b17bc4f64f0b53c00f81f8d1430c0d/mafft.fasta
2026-09-04T05:34:53.265Z INFO  [rusty_metal::msa] Reading msa file: /home/byna/Documents/Code/Project/pipeline/MSA-comparison-pipeline/work/11/8b08a5eae40b7a406c537c55adc1d0/amap.fasta
2026-09-04T05:34:53.265Z INFO  [rusty_metal::msa] Reading msa file: /home/byna/Documents/Code/Project/pipeline/MSA-comparison-pipeline/work/0a/0f8ccce3dcedd193c2c9489a684541/clustalw.fasta
2026-09-04T05:34:53.265Z INFO  [rusty_metal::msa] Reading msa file: /home/byna/Documents/Code/Project/pipeline/MSA-comparison-pipeline/work/c1/00dcb30433ad271246629b7df91249/kalign.fasta
2026-09-04T05:34:53.265Z INFO  [rusty_metal::msa] Reading msa file: /home/byna/Documents/Code/Project/pipeline/MSA-comparison-pipeline/work/52/1538a63a025e48e93c2bc5ee48fabe/t_coffee.fasta
2026-09-04T05:34:53.265Z INFO  [rusty_metal::msa] Reading msa file: /home/byna/Documents/Code/Project/pipeline/MSA-comparison-pipeline/work/67/53d8be1f969746e84b3e162a1cf6dc/clustalo.fasta
2026-09-04T05:34:53.265Z INFO  [rusty_metal::msa] Reading msa file: /home/byna/Documents/Code/Project/pipeline/MSA-comparison-pipeline/work/60/c23d5e98409cab8f7636e29cab5aaf/muscle.fasta
2026-09-04T05:34:53.265Z INFO  [rusty_metal::msa] Reading msa file: /home/byna/Documents/Code/Project/pipeline/MSA-comparison-pipeline/work/82/b17bc4f64f0b53c00f81f8d1430c0d/mafft.fasta
2026-09-04T05:34:53.265Z INFO  [rusty_metal::msa] Reading msa file: /home/byna/Documents/Code/Project/pipeline/MSA-comparison-pipeline/work/08/508c8ad4da4c506c56ac489fa1a454/probcons.fasta
2026-09-04T05:34:53.265Z INFO  [rusty_metal::distance] Computing Symmetric Difference
2026-09-04T05:34:53.265Z INFO  [rusty_metal::distance] Computing Symmetric Difference
2026-09-04T05:34:53.265Z INFO  [rusty_metal::distance] Computing Symmetric Difference
2026-09-04T05:34:53.265Z DEBUG [rusty_metal::distance] Symmetric difference: 28/140 = 0.2
2026-09-04T05:34:53.265Z INFO  [rusty_metal::distance] Computing Symmetric Difference
2026-09-04T05:34:53.265Z INFO  [rusty_metal] Comparison 0 complete.
2026-09-04T05:34:53.265Z INFO  [rusty_metal::distance] Computing Symmetric Difference
2026-09-04T05:34:53.265Z INFO  [rusty_metal] amap -> clustalo: 0.2
2026-09-04T05:34:53.265Z DEBUG [rusty_metal::distance] Symmetric difference: 0/140 = 0
2026-09-04T05:34:53.265Z DEBUG [rusty_metal::distance] Symmetric difference: 0/140 = 0
2026-09-04T05:34:53.265Z INFO  [rusty_metal] Comparison 4 complete.
2026-09-04T05:34:53.265Z INFO  [rusty_metal::distance] Computing Symmetric Difference
2026-09-04T05:34:53.265Z DEBUG [rusty_metal::distance] Symmetric difference: 0/140 = 0
2026-09-04T05:34:53.265Z DEBUG [rusty_metal::distance] Symmetric difference: 0/140 = 0
2026-09-04T05:34:53.265Z INFO  [rusty_metal::distance] Computing Symmetric Difference
2026-09-04T05:34:53.265Z INFO  [rusty_metal::distance] Computing Symmetric Difference
2026-09-04T05:34:53.265Z INFO  [rusty_metal::distance] Computing Symmetric Difference
2026-09-04T05:34:53.265Z INFO  [rusty_metal::distance] Computing Symmetric Difference
2026-09-04T05:34:53.265Z INFO  [rusty_metal::distance] Computing Symmetric Difference
2026-09-04T05:34:53.265Z INFO  [rusty_metal] Comparison 2 complete.
2026-09-04T05:34:53.265Z DEBUG [rusty_metal::distance] Symmetric difference: 0/140 = 0
2026-09-04T05:34:53.265Z INFO  [rusty_metal::distance] Computing Symmetric Difference
2026-09-04T05:34:53.265Z INFO  [rusty_metal] amap -> muscle: 0
2026-09-04T05:34:53.265Z INFO  [rusty_metal::distance] Computing Symmetric Difference
2026-09-04T05:34:53.265Z INFO  [rusty_metal] amap -> probcons: 0
2026-09-04T05:34:53.265Z INFO  [rusty_metal] Comparison 3 complete.
2026-09-04T05:34:53.265Z DEBUG [rusty_metal::distance] Symmetric difference: 0/140 = 0
2026-09-04T05:34:53.265Z INFO  [rusty_metal] Comparison 1 complete.
2026-09-04T05:34:53.265Z INFO  [rusty_metal] Comparison 13 complete.
2026-09-04T05:34:53.265Z INFO  [rusty_metal] clustalw -> probcons: 0
2026-09-04T05:34:53.265Z INFO  [rusty_metal] amap -> clustalw: 0
2026-09-04T05:34:53.265Z INFO  [rusty_metal::distance] Computing Symmetric Difference
2026-09-04T05:34:53.265Z INFO  [rusty_metal::distance] Computing Symmetric Difference
2026-09-04T05:34:53.265Z DEBUG [rusty_metal::distance] Symmetric difference: 0/140 = 0
2026-09-04T05:34:53.265Z DEBUG [rusty_metal::distance] Symmetric difference: 0/140 = 0
2026-09-04T05:34:53.265Z INFO  [rusty_metal] Comparison 5 complete.
2026-09-04T05:34:53.265Z INFO  [rusty_metal] amap -> t_coffee: 0
2026-09-04T05:34:53.265Z INFO  [rusty_metal::distance] Computing Symmetric Difference
2026-09-04T05:34:53.265Z INFO  [rusty_metal::distance] Computing Symmetric Difference
2026-09-04T05:34:53.265Z DEBUG [rusty_metal::distance] Symmetric difference: 28/140 = 0.2
2026-09-04T05:34:53.265Z DEBUG [rusty_metal::distance] Symmetric difference: 28/140 = 0.2
2026-09-04T05:34:53.265Z INFO  [rusty_metal] Comparison 12 complete.
2026-09-04T05:34:53.265Z INFO  [rusty_metal] clustalo -> mafft: 0.2
2026-09-04T05:34:53.265Z INFO  [rusty_metal] Comparison 10 complete.
2026-09-04T05:34:53.265Z INFO  [rusty_metal] clustalo -> muscle: 0.2
2026-09-04T05:34:53.265Z INFO  [rusty_metal::distance] Computing Symmetric Difference
2026-09-04T05:34:53.265Z DEBUG [rusty_metal::distance] Symmetric difference: 0/140 = 0
2026-09-04T05:34:53.265Z INFO  [rusty_metal::distance] Computing Symmetric Difference
2026-09-04T05:34:53.265Z DEBUG [rusty_metal::distance] Symmetric difference: 28/140 = 0.2
2026-09-04T05:34:53.265Z INFO  [rusty_metal] Comparison 8 complete.
2026-09-04T05:34:53.265Z INFO  [rusty_metal] clustalo -> probcons: 0.2
2026-09-04T05:34:53.265Z DEBUG [rusty_metal::distance] Symmetric difference: 0/140 = 0
2026-09-04T05:34:53.265Z INFO  [rusty_metal::distance] Computing Symmetric Difference
2026-09-04T05:34:53.265Z DEBUG [rusty_metal::distance] Symmetric difference: 0/140 = 0
2026-09-04T05:34:53.265Z INFO  [rusty_metal] Comparison 17 complete.
2026-09-04T05:34:53.265Z INFO  [rusty_metal] clustalw -> mafft: 0
2026-09-04T05:34:53.265Z INFO  [rusty_metal::distance] Computing Symmetric Difference
2026-09-04T05:34:53.265Z DEBUG [rusty_metal::distance] Symmetric difference: 28/140 = 0.2
2026-09-04T05:34:53.266Z INFO  [rusty_metal] Comparison 7 complete.
2026-09-04T05:34:53.266Z INFO  [rusty_metal] clustalo -> clustalw: 0.2
2026-09-04T05:34:53.266Z INFO  [rusty_metal::distance] Computing Symmetric Difference
2026-09-04T05:34:53.265Z DEBUG [rusty_metal::distance] Symmetric difference: 0/140 = 0
2026-09-04T05:34:53.266Z DEBUG [rusty_metal::distance] Symmetric difference: 0/140 = 0
2026-09-04T05:34:53.266Z INFO  [rusty_metal] Comparison 26 complete.
2026-09-04T05:34:53.266Z INFO  [rusty_metal] muscle -> mafft: 0
2026-09-04T05:34:53.266Z INFO  [rusty_metal] Comparison 14 complete.
2026-09-04T05:34:53.266Z INFO  [rusty_metal::distance] Computing Symmetric Difference
2026-09-04T05:34:53.266Z INFO  [rusty_metal] clustalw -> kalign: 0
2026-09-04T05:34:53.266Z DEBUG [rusty_metal::distance] Symmetric difference: 0/140 = 0
2026-09-04T05:34:53.266Z INFO  [rusty_metal] Comparison 27 complete.
2026-09-04T05:34:53.266Z INFO  [rusty_metal] t_coffee -> mafft: 0
2026-09-04T05:34:53.265Z INFO  [rusty_metal::distance] Computing Symmetric Difference
2026-09-04T05:34:53.266Z DEBUG [rusty_metal::distance] Symmetric difference: 0/140 = 0
2026-09-04T05:34:53.265Z INFO  [rusty_metal] amap -> kalign: 0
2026-09-04T05:34:53.265Z INFO  [rusty_metal::distance] Computing Symmetric Difference
2026-09-04T05:34:53.265Z DEBUG [rusty_metal::distance] Symmetric difference: 0/140 = 0
2026-09-04T05:34:53.266Z DEBUG [rusty_metal::distance] Symmetric difference: 28/140 = 0.2
2026-09-04T05:34:53.266Z INFO  [rusty_metal] Comparison 6 complete.
2026-09-04T05:34:53.266Z INFO  [rusty_metal] Comparison 9 complete.
2026-09-04T05:34:53.266Z INFO  [rusty_metal] amap -> mafft: 0
2026-09-04T05:34:53.266Z INFO  [rusty_metal] clustalo -> kalign: 0.2
2026-09-04T05:34:53.265Z INFO  [rusty_metal::distance] Computing Symmetric Difference
2026-09-04T05:34:53.266Z DEBUG [rusty_metal::distance] Symmetric difference: 28/140 = 0.2
2026-09-04T05:34:53.265Z INFO  [rusty_metal] Comparison 19 complete.
2026-09-04T05:34:53.266Z INFO  [rusty_metal] probcons -> muscle: 0
2026-09-04T05:34:53.265Z DEBUG [rusty_metal::distance] Symmetric difference: 0/140 = 0
2026-09-04T05:34:53.266Z INFO  [rusty_metal] Comparison 20 complete.
2026-09-04T05:34:53.266Z INFO  [rusty_metal] probcons -> t_coffee: 0
2026-09-04T05:34:53.265Z DEBUG [rusty_metal::distance] Symmetric difference: 0/140 = 0
2026-09-04T05:34:53.266Z INFO  [rusty_metal] Comparison 21 complete.
2026-09-04T05:34:53.266Z INFO  [rusty_metal] probcons -> mafft: 0
2026-09-04T05:34:53.265Z INFO  [rusty_metal] Comparison 16 complete.
2026-09-04T05:34:53.266Z INFO  [rusty_metal] clustalw -> t_coffee: 0
2026-09-04T05:34:53.265Z INFO  [rusty_metal::distance] Computing Symmetric Difference
2026-09-04T05:34:53.265Z INFO  [rusty_metal] Comparison 22 complete.
2026-09-04T05:34:53.266Z DEBUG [rusty_metal::distance] Symmetric difference: 0/140 = 0
2026-09-04T05:34:53.266Z INFO  [rusty_metal] kalign -> muscle: 0
2026-09-04T05:34:53.266Z INFO  [rusty_metal] Comparison 23 complete.
2026-09-04T05:34:53.265Z INFO  [rusty_metal::distance] Computing Symmetric Difference
2026-09-04T05:34:53.266Z INFO  [rusty_metal] kalign -> t_coffee: 0
2026-09-04T05:34:53.265Z INFO  [rusty_metal] Comparison 15 complete.
2026-09-04T05:34:53.266Z INFO  [rusty_metal] clustalw -> muscle: 0
2026-09-04T05:34:53.266Z INFO  [rusty_metal] Comparison 18 complete.
2026-09-04T05:34:53.266Z INFO  [rusty_metal] probcons -> kalign: 0
2026-09-04T05:34:53.266Z DEBUG [rusty_metal::distance] Symmetric difference: 0/140 = 0
2026-09-04T05:34:53.266Z INFO  [rusty_metal] Comparison 24 complete.
2026-09-04T05:34:53.266Z INFO  [rusty_metal] kalign -> mafft: 0
2026-09-04T05:34:53.266Z INFO  [rusty_metal] Comparison 11 complete.
2026-09-04T05:34:53.265Z DEBUG [rusty_metal::distance] Symmetric difference: 0/140 = 0
2026-09-04T05:34:53.266Z INFO  [rusty_metal] clustalo -> t_coffee: 0.2
2026-09-04T05:34:53.266Z INFO  [rusty_metal] Comparison 25 complete.
2026-09-04T05:34:53.266Z INFO  [rusty_metal] muscle -> t_coffee: 0
2026-09-04T05:34:53.266Z INFO  [rusty_metal] Writing output to rusty-metal.csv
