


 CLUSTAL 2.1 Multiple Sequence Alignments


Sequence format is Pearson
Sequence 1: seq1          12 bp
Sequence 2: seq3          12 bp
Sequence 3: seq2          12 bp
Start of Pairwise alignments
Aligning...

Sequences (1:2) Aligned. Score:  100
Sequences (1:3) Aligned. Score:  100
Sequences (2:3) Aligned. Score:  100
Guide tree file created:   [test_gapless.dnd]

There are 2 groups
Start of Multiple Alignment

Aligning...
Group 1: Sequences:   2      Score:228
Group 2: Sequences:   3      Score:209
Alignment Score 192
firstres = 1 lastres = 12
FASTA file created!

Fasta-Alignment file created    [clustalw.fasta]

