2026-08-30T09:27:06.840Z INFO  [rusty_metal] This is rusty-metAL version 1.0.0
2026-08-30T09:27:06.840Z INFO  [rusty_metal] Computing the distance between the following MSAs, and writing the output to rusty-metal.csv and using 0 threads. Standardisation is on.
2026-08-30T09:27:06.840Z INFO  [rusty_metal] > /home/byna/Documents/Code/Project/pipeline/MSA-comparison-pipeline/work/75/430ec731808bffb18cc0eec6faef9e/kalign.fasta
2026-08-30T09:27:06.840Z INFO  [rusty_metal] > /home/byna/Documents/Code/Project/pipeline/MSA-comparison-pipeline/work/8a/69f883f5e5c6ac10f7c73cd5f1a0dc/muscle.fasta
2026-08-30T09:27:06.840Z INFO  [rusty_metal] > /home/byna/Documents/Code/Project/pipeline/MSA-comparison-pipeline/work/7d/343c8ec34c5d08b7bf7ce947c73c48/mafft.fasta
2026-08-30T09:27:06.841Z INFO  [rusty_metal::msa] Reading msa file: /home/byna/Documents/Code/Project/pipeline/MSA-comparison-pipeline/work/75/430ec731808bffb18cc0eec6faef9e/kalign.fasta
2026-08-30T09:27:06.841Z INFO  [rusty_metal::msa] Reading msa file: /home/byna/Documents/Code/Project/pipeline/MSA-comparison-pipeline/work/8a/69f883f5e5c6ac10f7c73cd5f1a0dc/muscle.fasta
2026-08-30T09:27:06.841Z INFO  [rusty_metal::msa] Reading msa file: /home/byna/Documents/Code/Project/pipeline/MSA-comparison-pipeline/work/7d/343c8ec34c5d08b7bf7ce947c73c48/mafft.fasta
2026-08-30T09:27:06.841Z INFO  [rusty_metal::distance] Computing Symmetric Difference
2026-08-30T09:27:06.841Z INFO  [rusty_metal::distance] Computing Symmetric Difference
2026-08-30T09:27:06.841Z INFO  [rusty_metal::distance] Computing Symmetric Difference
2026-08-30T09:27:06.842Z DEBUG [rusty_metal::distance] Symmetric difference: 0/140 = 0
2026-08-30T09:27:06.842Z DEBUG [rusty_metal::distance] Symmetric difference: 0/140 = 0
2026-08-30T09:27:06.842Z INFO  [rusty_metal] Comparison 2 complete.
2026-08-30T09:27:06.842Z INFO  [rusty_metal] muscle -> mafft: 0
2026-08-30T09:27:06.842Z INFO  [rusty_metal] Comparison 1 complete.
2026-08-30T09:27:06.842Z INFO  [rusty_metal] kalign -> mafft: 0
2026-08-30T09:27:06.842Z DEBUG [rusty_metal::distance] Symmetric difference: 0/140 = 0
2026-08-30T09:27:06.842Z INFO  [rusty_metal] Comparison 0 complete.
2026-08-30T09:27:06.842Z INFO  [rusty_metal] kalign -> muscle: 0
2026-08-30T09:27:06.842Z INFO  [rusty_metal] Writing output to rusty-metal.csv
