WARNING: Using Kimura distance corretion which includes Dayhoff substitution table lookup for non-protein sequencesWARNING: WARNING: Using Kimura distance corretion which includes Dayhoff substitution table lookup for non-protein sequencesWARNING: Using Kimura distance corretion which includes Dayhoff substitution table lookup for non-protein sequences
WARNING: Using Kimura distance corretion which includes Dayhoff substitution table lookup for non-protein sequencesWARNING: Using Kimura distance corretion which includes Dayhoff substitution table lookup for non-protein sequences
WARNING: Using Kimura distance corretion which includes Dayhoff substitution table lookup for non-protein sequences
WARNING: Using Kimura distance corretion which includes Dayhoff substitution table lookup for non-protein sequences


WARNING: Using Kimura distance corretion which includes Dayhoff substitution table lookup for non-protein sequences
WARNING: 
Using Kimura distance corretion which includes Dayhoff substitution table lookup for non-protein sequences
WARNING: WARNING: Using Kimura distance corretion which includes Dayhoff substitution table lookup for non-protein sequences
WARNING: Using Kimura distance corretion which includes Dayhoff substitution table lookup for non-protein sequences
Using Kimura distance corretion which includes Dayhoff substitution table lookup for non-protein sequences
WARNING: Using Kimura distance corretion which includes Dayhoff substitution table lookup for non-protein sequences
Using Kimura distance corretion which includes Dayhoff substitution table lookup for non-protein sequences
WARNING: Using Kimura distance corretion which includes Dayhoff substitution table lookup for non-protein sequences
WARNING: Using Kimura distance corretion which includes Dayhoff substitution table lookup for non-protein sequences
WARNING: WARNING: Using Kimura distance corretion which includes Dayhoff substitution table lookup for non-protein sequencesWARNING: WARNING: WARNING: Using Kimura distance corretion which includes Dayhoff substitution table lookup for non-protein sequences
WARNING: WARNING: WARNING: Using Kimura distance corretion which includes Dayhoff substitution table lookup for non-protein sequencesWARNING: 
Using Kimura distance corretion which includes Dayhoff substitution table lookup for non-protein sequences
WARNING: Using Kimura distance corretion which includes Dayhoff substitution table lookup for non-protein sequences
WARNING: Using Kimura distance corretion which includes Dayhoff substitution table lookup for non-protein sequences
WARNING: Using Kimura distance corretion which includes Dayhoff substitution table lookup for non-protein sequences
Using Kimura distance corretion which includes Dayhoff substitution table lookup for non-protein sequences
Using Kimura distance corretion which includes Dayhoff substitution table lookup for non-protein sequences
WARNING: Using Kimura distance corretion which includes Dayhoff substitution table lookup for non-protein sequences
Using Kimura distance corretion which includes Dayhoff substitution table lookup for non-protein sequences
WARNING: Using Kimura distance corretion which includes Dayhoff substitution table lookup for non-protein sequences
WARNING: Using Kimura distance corretion which includes Dayhoff substitution table lookup for non-protein sequences
Using Kimura distance corretion which includes Dayhoff substitution table lookup for non-protein sequences
WARNING: Using Kimura distance corretion which includes Dayhoff substitution table lookup for non-protein sequences

Using Kimura distance corretion which includes Dayhoff substitution table lookup for non-protein sequences
WARNING: Sequence type is DNA. HHalign has only been tested on protein.
