2026-08-30T10:41:36.160Z INFO  [rusty_metal] This is rusty-metAL version 1.0.0
2026-08-30T10:41:36.160Z INFO  [rusty_metal] Computing the distance between the following MSAs, and writing the output to rusty-metal.csv and using 0 threads. Standardisation is on.
2026-08-30T10:41:36.160Z INFO  [rusty_metal] > /home/byna/Documents/Code/Project/pipeline/MSA-comparison-pipeline/work/1c/0e64f761b26645de9265b0ebd586b9/kalign.fasta
2026-08-30T10:41:36.161Z INFO  [rusty_metal] > /home/byna/Documents/Code/Project/pipeline/MSA-comparison-pipeline/work/08/1e4a6d9b978f09f6cac852572ff2c5/muscle.fasta
2026-08-30T10:41:36.161Z INFO  [rusty_metal] > /home/byna/Documents/Code/Project/pipeline/MSA-comparison-pipeline/work/44/f34404789746007383235e8e33e3e5/mafft.fasta
2026-08-30T10:41:36.161Z INFO  [rusty_metal::msa] Reading msa file: /home/byna/Documents/Code/Project/pipeline/MSA-comparison-pipeline/work/08/1e4a6d9b978f09f6cac852572ff2c5/muscle.fasta
2026-08-30T10:41:36.161Z INFO  [rusty_metal::msa] Reading msa file: /home/byna/Documents/Code/Project/pipeline/MSA-comparison-pipeline/work/1c/0e64f761b26645de9265b0ebd586b9/kalign.fasta
2026-08-30T10:41:36.161Z INFO  [rusty_metal::msa] Reading msa file: /home/byna/Documents/Code/Project/pipeline/MSA-comparison-pipeline/work/44/f34404789746007383235e8e33e3e5/mafft.fasta
2026-08-30T10:41:36.162Z INFO  [rusty_metal::distance] Computing Symmetric Difference
2026-08-30T10:41:36.162Z INFO  [rusty_metal::distance] Computing Symmetric Difference
2026-08-30T10:41:36.162Z INFO  [rusty_metal::distance] Computing Symmetric Difference
2026-08-30T10:41:36.162Z DEBUG [rusty_metal::distance] Symmetric difference: 0/140 = 0
2026-08-30T10:41:36.162Z DEBUG [rusty_metal::distance] Symmetric difference: 0/140 = 0
2026-08-30T10:41:36.162Z INFO  [rusty_metal] Comparison 0 complete.
2026-08-30T10:41:36.162Z INFO  [rusty_metal] Comparison 2 complete.
2026-08-30T10:41:36.162Z INFO  [rusty_metal] kalign -> muscle: 0
2026-08-30T10:41:36.162Z INFO  [rusty_metal] muscle -> mafft: 0
2026-08-30T10:41:36.162Z DEBUG [rusty_metal::distance] Symmetric difference: 0/140 = 0
2026-08-30T10:41:36.162Z INFO  [rusty_metal] Comparison 1 complete.
2026-08-30T10:41:36.162Z INFO  [rusty_metal] kalign -> mafft: 0
2026-08-30T10:41:36.162Z INFO  [rusty_metal] Writing output to rusty-metal.csv
