
-----------------
 PRANK v.250331:
-----------------

Input for the analysis
 - aligning sequences in 'test_gapless.fasta'
 - using inferred alignment guide tree
 - option '+F' is not used; it can be enabled with '+F'
 - external tools available:
    MAFFT for initial alignment
    Exonerate for alignment anchoring

Correcting (arbitrarily) for multifurcating nodes.

Generating multiple alignment: iteration 1.

Alignment score: 6
Correcting (arbitrarily) for multifurcating nodes.

Generating multiple alignment: iteration 2.

Alignment score: 6
Correcting (arbitrarily) for multifurcating nodes.

Generating multiple alignment: iteration 3.

Alignment score: 6
Correcting (arbitrarily) for multifurcating nodes.

Generating multiple alignment: iteration 4.

Alignment score: 6
Correcting (arbitrarily) for multifurcating nodes.

Generating multiple alignment: iteration 5.

Alignment score: 6


Writing
 - alignment to 'prank.best.fas'

Analysis done. Total time 1s

