2026-08-24T16:37:45.727Z INFO  [rusty_metal] This is rusty-metAL version 1.0.0
2026-08-24T16:37:45.727Z INFO  [rusty_metal] Computing the distance between the following MSAs, and writing the output to rusty-metal.csv and using 0 threads. Standardisation is on.
2026-08-24T16:37:45.727Z INFO  [rusty_metal] > /home/byna/Documents/Code/Project/pipeline/MSA-comparison-pipeline/work/2a/8da6564eaeee0f170af4dad2ba6d9e/muscle.fasta
2026-08-24T16:37:45.727Z INFO  [rusty_metal] > /home/byna/Documents/Code/Project/pipeline/MSA-comparison-pipeline/work/ec/caad2389e0e23fe2955fe0f3b1e42f/kalign.fasta
2026-08-24T16:37:45.727Z INFO  [rusty_metal] > /home/byna/Documents/Code/Project/pipeline/MSA-comparison-pipeline/work/56/e1fc01db24cdf4cba9a6405c4e62b5/mafft.fasta
2026-08-24T16:37:45.728Z INFO  [rusty_metal::msa] Reading msa file: /home/byna/Documents/Code/Project/pipeline/MSA-comparison-pipeline/work/2a/8da6564eaeee0f170af4dad2ba6d9e/muscle.fasta
2026-08-24T16:37:45.728Z INFO  [rusty_metal::msa] Reading msa file: /home/byna/Documents/Code/Project/pipeline/MSA-comparison-pipeline/work/ec/caad2389e0e23fe2955fe0f3b1e42f/kalign.fasta
2026-08-24T16:37:45.728Z INFO  [rusty_metal::msa] Reading msa file: /home/byna/Documents/Code/Project/pipeline/MSA-comparison-pipeline/work/56/e1fc01db24cdf4cba9a6405c4e62b5/mafft.fasta
2026-08-24T16:37:45.728Z INFO  [rusty_metal::distance] Computing Symmetric Difference
2026-08-24T16:37:45.728Z INFO  [rusty_metal::distance] Computing Symmetric Difference
2026-08-24T16:37:45.728Z INFO  [rusty_metal::distance] Computing Symmetric Difference
2026-08-24T16:37:45.728Z DEBUG [rusty_metal::distance] Symmetric difference: 0/140 = 0
2026-08-24T16:37:45.728Z DEBUG [rusty_metal::distance] Symmetric difference: 0/140 = 0
2026-08-24T16:37:45.728Z INFO  [rusty_metal] Comparison 0 complete.
2026-08-24T16:37:45.728Z INFO  [rusty_metal] Comparison 2 complete.
2026-08-24T16:37:45.728Z INFO  [rusty_metal] muscle -> kalign: 0
2026-08-24T16:37:45.728Z INFO  [rusty_metal] kalign -> mafft: 0
2026-08-24T16:37:45.728Z DEBUG [rusty_metal::distance] Symmetric difference: 0/140 = 0
2026-08-24T16:37:45.728Z INFO  [rusty_metal] Comparison 1 complete.
2026-08-24T16:37:45.728Z INFO  [rusty_metal] muscle -> mafft: 0
2026-08-24T16:37:45.728Z INFO  [rusty_metal] Writing output to rusty-metal.csv
