2026-08-30T10:01:22.436Z INFO  [rusty_metal] This is rusty-metAL version 1.0.0
2026-08-30T10:01:22.436Z INFO  [rusty_metal] Computing the distance between the following MSAs, and writing the output to rusty-metal.csv and using 0 threads. Standardisation is on.
2026-08-30T10:01:22.436Z INFO  [rusty_metal] > /home/byna/Documents/Code/Project/pipeline/MSA-comparison-pipeline/work/e2/37e272869ddd38c50abc8ba50b0580/muscle.fasta
2026-08-30T10:01:22.436Z INFO  [rusty_metal] > /home/byna/Documents/Code/Project/pipeline/MSA-comparison-pipeline/work/d8/818b5b6bcfca2d9194b67120bf80c0/kalign.fasta
2026-08-30T10:01:22.436Z INFO  [rusty_metal] > /home/byna/Documents/Code/Project/pipeline/MSA-comparison-pipeline/work/27/daea94bb6cd705a95fdd7ad479f76e/mafft.fasta
2026-08-30T10:01:22.437Z INFO  [rusty_metal::msa] Reading msa file: /home/byna/Documents/Code/Project/pipeline/MSA-comparison-pipeline/work/e2/37e272869ddd38c50abc8ba50b0580/muscle.fasta
2026-08-30T10:01:22.437Z INFO  [rusty_metal::msa] Reading msa file: /home/byna/Documents/Code/Project/pipeline/MSA-comparison-pipeline/work/d8/818b5b6bcfca2d9194b67120bf80c0/kalign.fasta
2026-08-30T10:01:22.437Z INFO  [rusty_metal::msa] Reading msa file: /home/byna/Documents/Code/Project/pipeline/MSA-comparison-pipeline/work/27/daea94bb6cd705a95fdd7ad479f76e/mafft.fasta
2026-08-30T10:01:22.437Z INFO  [rusty_metal::distance] Computing Symmetric Difference
2026-08-30T10:01:22.437Z INFO  [rusty_metal::distance] Computing Symmetric Difference
2026-08-30T10:01:22.437Z INFO  [rusty_metal::distance] Computing Symmetric Difference
2026-08-30T10:01:22.437Z DEBUG [rusty_metal::distance] Symmetric difference: 0/140 = 0
2026-08-30T10:01:22.437Z INFO  [rusty_metal] Comparison 1 complete.
2026-08-30T10:01:22.437Z DEBUG [rusty_metal::distance] Symmetric difference: 0/140 = 0
2026-08-30T10:01:22.437Z INFO  [rusty_metal] muscle -> mafft: 0
2026-08-30T10:01:22.437Z INFO  [rusty_metal] Comparison 0 complete.
2026-08-30T10:01:22.437Z INFO  [rusty_metal] muscle -> kalign: 0
2026-08-30T10:01:22.437Z DEBUG [rusty_metal::distance] Symmetric difference: 0/140 = 0
2026-08-30T10:01:22.437Z INFO  [rusty_metal] Comparison 2 complete.
2026-08-30T10:01:22.437Z INFO  [rusty_metal] kalign -> mafft: 0
2026-08-30T10:01:22.437Z INFO  [rusty_metal] Writing output to rusty-metal.csv
