
Kalign (3.4.0)

Copyright (C) 2006,2019,2020,2021,2023 Timo Lassmann

This program comes with ABSOLUTELY NO WARRANTY; for details type:
`kalign -showw'.
This is free software, and you are welcome to redistribute it
under certain conditions; consult the COPYING file for details.

Please cite:
  Lassmann, Timo.
  "Kalign 3: multiple sequence alignment of large data sets."
  Bioinformatics (2019) 
  https://doi.org/10.1093/bioinformatics/btz795

[2026-09-04 09:57:28] :     LOG : Detected DNA sequences.
[2026-09-04 09:57:28] :     LOG : Read 3 sequences from test_gapless.fasta.
[2026-09-04 09:57:28] :     LOG : CPU Time: 0.00u 00:00:00.00 Elapsed: 00:00:00.00
[2026-09-04 09:57:28] :     LOG : Calculating pairwise distances
[2026-09-04 09:57:28] :     LOG : CPU Time: 0.00u 00:00:00.00 Elapsed: 00:00:00.00
[2026-09-04 09:57:28] :     LOG : Building guide tree.
[2026-09-04 09:57:28] :     LOG : CPU Time: 0.00u 00:00:00.00 Elapsed: 00:00:00.00
[2026-09-04 09:57:28] :     LOG : Aligning
[2026-09-04 09:57:28] :     LOG : CPU Time: 0.00u 00:00:00.00 Elapsed: 00:00:00.00
