2026-08-24T13:34:58.593Z INFO  [rusty_metal] This is rusty-metAL version 1.0.0
2026-08-24T13:34:58.593Z INFO  [rusty_metal] Computing the distance between the following MSAs, and writing the output to rusty-metal.csv and using 0 threads. Standardisation is on.
2026-08-24T13:34:58.593Z INFO  [rusty_metal] > /home/byna/Documents/Code/Project/pipeline/MSA-comparison-pipeline/work/0a/4021490bb87c4cd99aa60ce7dcb104/kalign.fasta
2026-08-24T13:34:58.593Z INFO  [rusty_metal] > /home/byna/Documents/Code/Project/pipeline/MSA-comparison-pipeline/work/68/305f52f2f02954bd37938277465d4c/muscle.fasta
2026-08-24T13:34:58.593Z INFO  [rusty_metal] > /home/byna/Documents/Code/Project/pipeline/MSA-comparison-pipeline/work/a2/adeaa083e3d5f2f2506e0bd2173e4c/mafft.fasta
2026-08-24T13:34:58.594Z INFO  [rusty_metal::msa] Reading msa file: /home/byna/Documents/Code/Project/pipeline/MSA-comparison-pipeline/work/0a/4021490bb87c4cd99aa60ce7dcb104/kalign.fasta
2026-08-24T13:34:58.594Z INFO  [rusty_metal::msa] Reading msa file: /home/byna/Documents/Code/Project/pipeline/MSA-comparison-pipeline/work/68/305f52f2f02954bd37938277465d4c/muscle.fasta
2026-08-24T13:34:58.594Z INFO  [rusty_metal::msa] Reading msa file: /home/byna/Documents/Code/Project/pipeline/MSA-comparison-pipeline/work/a2/adeaa083e3d5f2f2506e0bd2173e4c/mafft.fasta
2026-08-24T13:34:58.595Z INFO  [rusty_metal::distance] Computing Symmetric Difference
2026-08-24T13:34:58.595Z INFO  [rusty_metal::distance] Computing Symmetric Difference
2026-08-24T13:34:58.595Z DEBUG [rusty_metal::distance] Symmetric difference: 0/140 = 0
2026-08-24T13:34:58.595Z DEBUG [rusty_metal::distance] Symmetric difference: 0/140 = 0
2026-08-24T13:34:58.595Z INFO  [rusty_metal] Comparison 1 complete.
2026-08-24T13:34:58.595Z INFO  [rusty_metal] Comparison 2 complete.
2026-08-24T13:34:58.595Z INFO  [rusty_metal] kalign -> mafft: 0
2026-08-24T13:34:58.595Z INFO  [rusty_metal] muscle -> mafft: 0
2026-08-24T13:34:58.595Z INFO  [rusty_metal::distance] Computing Symmetric Difference
2026-08-24T13:34:58.595Z DEBUG [rusty_metal::distance] Symmetric difference: 0/140 = 0
2026-08-24T13:34:58.595Z INFO  [rusty_metal] Comparison 0 complete.
2026-08-24T13:34:58.595Z INFO  [rusty_metal] kalign -> muscle: 0
2026-08-24T13:34:58.595Z INFO  [rusty_metal] Writing output to rusty-metal.csv
